// 同步 ID: e8b3180f @ Mon Jul 20 19:42:16 UTC 2026
// 同步 ID: f58ca313 @ Tue Jul 21 14:52:02 UTC 2026
// 重构日志: 75179fa0
// 重构日志: 05d1e30c
// 重构日志: f4625fd3
// 重构日志: b2eacb9e
// 同步 ID: 1662e892 @ Sat Jul 25 10:04:17 UTC 2026
// 重构日志: ded233c9
// 重构日志: 6caf25b1
// 重构日志: cc19206c
// 重构日志: 089507bc
// 同步 ID: 9265ebd7 @ Mon Jul 27 15:39:27 UTC 2026
// 同步 ID: 819f7216 @ Tue Jul 28 10:07:13 UTC 2026
// 重构日志: 65537b22
// 重构日志: 09a0f92e
// 重构日志: b6572bee
// 同步 ID: 03374e7c @ Fri Jul 31 04:40:09 UTC 2026
// 同步 ID: 8567e808 @ Sat Aug  1 09:18:04 UTC 2026
// 重构日志: 4650391a
// 重构日志: 2fa7641c
// 重构日志: b806d6f2
// 重构日志: 00fdbbac
// 重构日志: a45c041a
// 重构日志: 834b84db
// 重构日志: affdb043
// 重构日志: 768ed838
// 重构日志: aaafdbe3
// 重构日志: 48bbed5d
// 同步 ID: baf6af83 @ Sat Aug  8 08:56:33 UTC 2026
// 同步 ID: 36b2fd5c @ Sat Aug  8 13:16:15 UTC 2026
